Modules list:
-------------
music.o:
    CODE              Offs=000000  Size=0001D3  Align=00001  Fill=0000
    RODATA            Offs=000000  Size=000000  Align=00001  Fill=0000
    BSS               Offs=000000  Size=000000  Align=00001  Fill=0000
    DATA              Offs=000000  Size=00008A  Align=00001  Fill=0000
    ZEROPAGE          Offs=000000  Size=000002  Align=00001  Fill=0000
    NULL              Offs=000000  Size=000000  Align=00001  Fill=0000
/home/swessels/cc65/lib/cx16.lib(exehdr.o):
    CODE              Offs=0001D3  Size=000000  Align=00001  Fill=0000
    RODATA            Offs=000000  Size=000000  Align=00001  Fill=0000
    BSS               Offs=000000  Size=000000  Align=00001  Fill=0000
    DATA              Offs=00008A  Size=000000  Align=00001  Fill=0000
    ZEROPAGE          Offs=000002  Size=000000  Align=00001  Fill=0000
    NULL              Offs=000000  Size=000000  Align=00001  Fill=0000
    EXEHDR            Offs=000000  Size=00000C  Align=00001  Fill=0000
/home/swessels/cc65/lib/cx16.lib(loadaddr.o):
    CODE              Offs=0001D3  Size=000000  Align=00001  Fill=0000
    RODATA            Offs=000000  Size=000000  Align=00001  Fill=0000
    BSS               Offs=000000  Size=000000  Align=00001  Fill=0000
    DATA              Offs=00008A  Size=000000  Align=00001  Fill=0000
    ZEROPAGE          Offs=000002  Size=000000  Align=00001  Fill=0000
    NULL              Offs=000000  Size=000000  Align=00001  Fill=0000
    LOADADDR          Offs=000000  Size=000002  Align=00001  Fill=0000


Segment list:
-------------
Name                   Start     End    Size  Align
----------------------------------------------------
NULL                  000000  000000  000000  00001
ZEROPAGE              000002  000003  000002  00001
LOADADDR              0007FF  000800  000002  00001
EXEHDR                000801  00080C  00000C  00001
CODE                  00080D  0009DF  0001D3  00001
DATA                  000A00  000A89  00008A  00001
RODATA                000A00  000A00  000000  00001
BSS                   000A8A  000A8A  000000  00001


Exports list by name:
---------------------
__BSS_LOAD__              000A8A  LA    __BSS_RUN__               000A8A  LA    
__BSS_SIZE__              000000  EA    __EXEHDR__                000001 REA    
__LOADADDR__              000001 REA    __ZEROPAGE_LOAD__         000002  LA    
__ZEROPAGE_RUN__          000002  LA    __ZEROPAGE_SIZE__         000002  EA    



Exports list by value:
----------------------
__BSS_SIZE__              000000  EA    __EXEHDR__                000001 REA    
__LOADADDR__              000001 REA    __ZEROPAGE_LOAD__         000002  LA    
__ZEROPAGE_RUN__          000002  LA    __ZEROPAGE_SIZE__         000002  EA    
__BSS_LOAD__              000A8A  LA    __BSS_RUN__               000A8A  LA    



Imports list:
-------------
__BSS_LOAD__ ([linker generated]):
__BSS_RUN__ ([linker generated]):
__BSS_SIZE__ ([linker generated]):
__EXEHDR__ (exehdr.o):
    [linker generated]       
__LOADADDR__ (loadaddr.o):
    [linker generated]        src/music.cfg(11)
__ZEROPAGE_LOAD__ ([linker generated]):
__ZEROPAGE_RUN__ ([linker generated]):
__ZEROPAGE_SIZE__ ([linker generated]):

